|RAM[256]| RAM[3] | RAM[4] |RAM[3032|RAM[3046|
|     32 |      0 |      0 |      0 |      0 |
